// Jest Snapshot v1, https://goo.gl/fbAQLP

exports[`Landing component matches the snapshot 1`] = `
<div>
  <div
    className="landing"
  >
    <div
      className="container-text"
    >
      <p
        className="la"
      >
        Lucas Amos
      </p>
    </div>
    <div
      className="section-scroll"
    >
      <div
        className="hvr-pulse-grow"
        id="scroll-icon"
        onClick={[Function]}
        onKeyPress={[Function]}
        role="button"
        tabIndex={0}
      />
    </div>
    <div
      className="lucas"
    >
      Lucas Amos 
      2019
    </div>
  </div>
  <div />
</div>
`;
